// Jest Snapshot v1, https://goo.gl/fbAQLP

exports[`404 page renders correctly 1`] = `
<div>
  Pages requested not found
</div>
`;
